// Jest Snapshot v1, https://jestjs.io/docs/snapshot-testin

exports[`cds nock tests cds list cds list filtered json 1`] = `
[
  {
    "createdAt": null,
    "eventType": "UPDATE",
    "globalAccountGUID": "011b4e7a-43b5-4f63-819a-9b1e46ab23b6",
    "modifiedAt": "2024-08-09T22:11:20.072Z",
    "providerSubaccountId": "7b20408e-3fe0-4ade-aa2e-ad97baac72e8",
    "subscribedCostObjectId": "101741293",
    "subscribedCrmId": "",
    "subscribedLicenseType": "SAPDEV",
    "subscribedSubaccountId": "5ecc7413-2b7e-414a-9496-ad4a61f6cccf",
    "subscribedSubdomain": "skyfin-company",
    "subscribedTenantId": "5ecc7413-2b7e-414a-9496-ad4a61f6cccf",
    "subscribedZoneId": "5ecc7413-2b7e-414a-9496-ad4a61f6cccf",
    "subscriptionAppAmount": 1,
    "subscriptionAppId": "afc-dev!t5874",
    "subscriptionAppName": "afc-dev",
    "subscriptionAppPlan": "standard",
    "subscriptionCommercialAppName": "afc-dev",
    "subscriptionGUID": "8999d1fa-3a3e-bbf5-c21d-2db950822b8a",
    "userId": "APPLICATION_OWNER",
  },
]
`;

exports[`cds nock tests cds list cds list json 1`] = `
[
  {
    "createdAt": "2024-07-05T11:24:00.230Z",
    "eventType": "UPDATE",
    "globalAccountGUID": "011b4e7a-43b5-4f63-819a-9b1e46ab23b6",
    "modifiedAt": "2024-08-08T04:10:14.602Z",
    "providerSubaccountId": "7b20408e-3fe0-4ade-aa2e-ad97baac72e8",
    "subscribedCostObjectId": "101741293",
    "subscribedCrmId": "",
    "subscribedLicenseType": "SAPDEV",
    "subscribedSubaccountId": "ae2dc112-9745-4f5e-8feb-79ebdc0094bd",
    "subscribedSubdomain": "skyfin-sap-start",
    "subscribedTenantId": "ae2dc112-9745-4f5e-8feb-79ebdc0094bd",
    "subscribedZoneId": "ae2dc112-9745-4f5e-8feb-79ebdc0094bd",
    "subscriptionAppAmount": 10,
    "subscriptionAppId": "afc-dev!t5874",
    "subscriptionAppName": "afc-dev",
    "subscriptionAppPlan": "standard",
    "subscriptionCommercialAppName": "afc-dev",
    "subscriptionGUID": "204919bb-585f-471e-97d7-5f249d182a94",
    "userId": "APPLICATION_OWNER",
  },
  {
    "createdAt": "2024-06-26T10:31:05.748Z",
    "eventType": "UPDATE",
    "globalAccountGUID": "011b4e7a-43b5-4f63-819a-9b1e46ab23b6",
    "modifiedAt": "2024-08-09T04:17:02.224Z",
    "providerSubaccountId": "7b20408e-3fe0-4ade-aa2e-ad97baac72e8",
    "subscribedCostObjectId": "101741293",
    "subscribedCrmId": "",
    "subscribedLicenseType": "SAPDEV",
    "subscribedSubaccountId": "6917dfd6-7590-4033-af2a-140b75263b0d",
    "subscribedSubdomain": "skyfin-debug-company",
    "subscribedTenantId": "6917dfd6-7590-4033-af2a-140b75263b0d",
    "subscribedZoneId": "6917dfd6-7590-4033-af2a-140b75263b0d",
    "subscriptionAppAmount": 10,
    "subscriptionAppId": "afc-dev!t5874",
    "subscriptionAppName": "afc-dev",
    "subscriptionAppPlan": "standard",
    "subscriptionCommercialAppName": "afc-dev",
    "subscriptionGUID": "84daed86-d52b-4649-8dd8-4378e673ee94",
    "userId": "APPLICATION_OWNER",
  },
  {
    "createdAt": "2024-03-19T16:57:50.505Z",
    "eventType": "UPDATE",
    "globalAccountGUID": "a6786cbf-f7e7-4103-9386-b91d1c07e3ea",
    "modifiedAt": "2024-08-09T06:53:28.661Z",
    "providerSubaccountId": "7b20408e-3fe0-4ade-aa2e-ad97baac72e8",
    "subscribedCrmId": "12553508",
    "subscribedLicenseType": "SAPDEV",
    "subscribedSubaccountId": "cf528063-6a43-4bf2-8ccc-ca4e6d75d88e",
    "subscribedSubdomain": "jyd-dev-apps-eu10",
    "subscribedTenantId": "cf528063-6a43-4bf2-8ccc-ca4e6d75d88e",
    "subscribedZoneId": "cf528063-6a43-4bf2-8ccc-ca4e6d75d88e",
    "subscriptionAppAmount": 1,
    "subscriptionAppId": "afc-dev!t5874",
    "subscriptionAppName": "afc-dev",
    "subscriptionAppPlan": "standard",
    "subscriptionCommercialAppName": "afc-dev",
    "subscriptionGUID": "b9659eb7-cf54-4cb4-bab2-6262b48b1a60",
    "userId": "APPLICATION_OWNER",
  },
  {
    "createdAt": "2024-01-05T07:56:20.923Z",
    "eventType": "UPDATE",
    "globalAccountGUID": "096cea2e-77ef-498f-a588-114b33817f5d",
    "modifiedAt": "2024-08-09T10:14:57.327Z",
    "providerSubaccountId": "7b20408e-3fe0-4ade-aa2e-ad97baac72e8",
    "subscribedCostObjectId": "101013787",
    "subscribedLicenseType": "SAPDEV",
    "subscribedSubaccountId": "0b0eda38-2795-445a-a1f7-025e336263c0",
    "subscribedSubdomain": "nga-dev-eu10-uofvpsx0",
    "subscribedTenantId": "288393a7-972c-4fa8-acfd-12299c4db374",
    "subscribedZoneId": "288393a7-972c-4fa8-acfd-12299c4db374",
    "subscriptionAppAmount": 1,
    "subscriptionAppId": "afc-dev!t5874",
    "subscriptionAppName": "afc-dev",
    "subscriptionAppPlan": "standard",
    "subscriptionCommercialAppName": "afc-dev",
    "subscriptionGUID": "efd308d6-db5a-41fd-8f35-6211d40746a1",
    "userId": "APPLICATION_OWNER",
  },
  {
    "createdAt": null,
    "eventType": "UPDATE",
    "globalAccountGUID": "011b4e7a-43b5-4f63-819a-9b1e46ab23b6",
    "modifiedAt": "2024-08-09T12:27:04.007Z",
    "providerSubaccountId": "7b20408e-3fe0-4ade-aa2e-ad97baac72e8",
    "subscribedCostObjectId": "101741293",
    "subscribedCrmId": "",
    "subscribedLicenseType": "SAPDEV",
    "subscribedSubaccountId": "b07cc881-e90b-4c18-82c4-94aad87c2bb9",
    "subscribedSubdomain": "skysand",
    "subscribedTenantId": "cb9158ce-f8fd-441b-b443-17219e8f79fa",
    "subscribedZoneId": "cb9158ce-f8fd-441b-b443-17219e8f79fa",
    "subscriptionAppId": "afc-dev!t5874",
    "subscriptionAppName": "afc-dev",
    "subscriptionCommercialAppName": "afc-dev",
    "subscriptionGUID": "76fcb047-85cc-baa4-9705-aa22aebf47f7",
    "userId": "APPLICATION_OWNER",
  },
  {
    "createdAt": null,
    "eventType": "UPDATE",
    "globalAccountGUID": "011b4e7a-43b5-4f63-819a-9b1e46ab23b6",
    "modifiedAt": "2024-08-09T22:11:20.072Z",
    "providerSubaccountId": "7b20408e-3fe0-4ade-aa2e-ad97baac72e8",
    "subscribedCostObjectId": "101741293",
    "subscribedCrmId": "",
    "subscribedLicenseType": "SAPDEV",
    "subscribedSubaccountId": "5ecc7413-2b7e-414a-9496-ad4a61f6cccf",
    "subscribedSubdomain": "skyfin-company",
    "subscribedTenantId": "5ecc7413-2b7e-414a-9496-ad4a61f6cccf",
    "subscribedZoneId": "5ecc7413-2b7e-414a-9496-ad4a61f6cccf",
    "subscriptionAppAmount": 1,
    "subscriptionAppId": "afc-dev!t5874",
    "subscriptionAppName": "afc-dev",
    "subscriptionAppPlan": "standard",
    "subscriptionCommercialAppName": "afc-dev",
    "subscriptionGUID": "8999d1fa-3a3e-bbf5-c21d-2db950822b8a",
    "userId": "APPLICATION_OWNER",
  },
  {
    "createdAt": null,
    "eventType": "UPDATE",
    "globalAccountGUID": "1fb05c0d-22c0-43d8-9ca7-c9ef0c28f67f",
    "modifiedAt": "2024-08-09T22:18:18.019Z",
    "providerSubaccountId": "7b20408e-3fe0-4ade-aa2e-ad97baac72e8",
    "subscribedCrmId": "12553508",
    "subscribedLicenseType": "CUSTOMER",
    "subscribedSubaccountId": "4c0909b1-a84e-4763-a26e-532fdb9e40fa",
    "subscribedSubdomain": "hw6-apps-eu10",
    "subscribedTenantId": "4c0909b1-a84e-4763-a26e-532fdb9e40fa",
    "subscribedZoneId": "4c0909b1-a84e-4763-a26e-532fdb9e40fa",
    "subscriptionAppAmount": 2,
    "subscriptionAppId": "afc-dev!t5874",
    "subscriptionAppName": "afc-dev",
    "subscriptionAppPlan": "standard",
    "subscriptionCommercialAppName": "afc-dev",
    "subscriptionGUID": "b6db4043-7b32-4bc5-89cc-b605ac033edd",
    "userId": "APPLICATION_OWNER",
  },
  {
    "createdAt": "2024-07-09T08:43:19.015Z",
    "eventType": "UPDATE",
    "globalAccountGUID": "011b4e7a-43b5-4f63-819a-9b1e46ab23b6",
    "modifiedAt": "2024-08-10T01:56:42.406Z",
    "providerSubaccountId": "7b20408e-3fe0-4ade-aa2e-ad97baac72e8",
    "subscribedCostObjectId": "101741293",
    "subscribedCrmId": "",
    "subscribedLicenseType": "SAPDEV",
    "subscribedSubaccountId": "dde70ec5-983d-4848-b50c-fb2cdac7d359",
    "subscribedSubdomain": "skyfin-test-3",
    "subscribedTenantId": "dde70ec5-983d-4848-b50c-fb2cdac7d359",
    "subscribedZoneId": "dde70ec5-983d-4848-b50c-fb2cdac7d359",
    "subscriptionAppAmount": 10,
    "subscriptionAppId": "afc-dev!t5874",
    "subscriptionAppName": "afc-dev",
    "subscriptionAppPlan": "standard",
    "subscriptionCommercialAppName": "afc-dev",
    "subscriptionGUID": "f1413a16-e900-4fb0-a269-573e1dfed7b8",
    "userId": "APPLICATION_OWNER",
  },
  {
    "additionalInformation": {
      "tenantMetadataUrl": "https://skyfin-workzone.authentication.sap.hana.ondemand.com/saml/metadata",
    },
    "createdAt": "2024-09-11T07:37:19.676Z",
    "eventType": "CREATE",
    "globalAccountGUID": "011b4e7a-43b5-4f63-819a-9b1e46ab23b6",
    "modifiedAt": "2024-09-11T07:37:19.676Z",
    "providerSubaccountId": "7b20408e-3fe0-4ade-aa2e-ad97baac72e8",
    "subscribedCostObjectId": "101741293",
    "subscribedLicenseType": "SAPDEV",
    "subscribedSubaccountId": "663d2938-be50-44ab-92ca-538855eb594f",
    "subscribedSubdomain": "skyfin-workzone",
    "subscribedTenantId": "663d2938-be50-44ab-92ca-538855eb594f",
    "subscribedZoneId": "663d2938-be50-44ab-92ca-538855eb594f",
    "subscriptionAppAmount": 10,
    "subscriptionAppId": "afc-dev!t5874",
    "subscriptionAppName": "afc-dev",
    "subscriptionAppPlan": "standard",
    "subscriptionCommercialAppName": "afc-dev",
    "subscriptionGUID": "1da4a3ef-da21-4087-a9ca-7283c67f4e21",
    "userId": "oliver.klemenz@sap.com",
    "userInfo": {
      "email": "oliver.klemenz@sap.com",
      "sub": "b58a7f93-c7a1-4686-b233-7be376da04d3",
      "subIdp": "D045365",
      "userGuid": "b58a7f93-c7a1-4686-b233-7be376da04d3",
      "userId": "oliver.klemenz@sap.com",
      "userName": "oliver.klemenz@sap.com",
    },
  },
  {
    "additionalInformation": {
      "tenantMetadataUrl": "https://skyfin-booster.authentication.sap.hana.ondemand.com/saml/metadata",
    },
    "createdAt": "2024-11-27T06:54:40.207Z",
    "eventType": "CREATE",
    "globalAccountGUID": "011b4e7a-43b5-4f63-819a-9b1e46ab23b6",
    "modifiedAt": "2024-11-27T06:54:40.207Z",
    "providerSubaccountId": "7b20408e-3fe0-4ade-aa2e-ad97baac72e8",
    "subscribedCostObjectId": "101741293",
    "subscribedLicenseType": "SAPDEV",
    "subscribedSubaccountId": "9c418100-6318-4e8a-b4b2-1114f4f44aef",
    "subscribedSubdomain": "skyfin-booster",
    "subscribedTenantId": "9c418100-6318-4e8a-b4b2-1114f4f44aef",
    "subscribedZoneId": "9c418100-6318-4e8a-b4b2-1114f4f44aef",
    "subscriptionAppAmount": 10,
    "subscriptionAppId": "afc-dev!t5874",
    "subscriptionAppName": "afc-dev",
    "subscriptionAppPlan": "standard",
    "subscriptionCommercialAppName": "afc-dev",
    "subscriptionGUID": "97e5ac7a-f91a-4bbf-a29d-443138d65313",
    "userId": "oliver.klemenz@sap.com",
    "userInfo": {
      "email": "oliver.klemenz@sap.com",
      "sub": "c73507ca-b6c5-48eb-9ec3-2857f5ee92cb",
      "subIdp": "D045365",
      "userGuid": "c73507ca-b6c5-48eb-9ec3-2857f5ee92cb",
      "userId": "oliver.klemenz@sap.com",
      "userName": "oliver.klemenz@sap.com",
    },
  },
]
`;

exports[`cds nock tests cds long list cds long list basic/json 1`] = `
[
  {
    "createdAt": "2024-07-05T11:24:00.230Z",
    "eventType": "UPDATE",
    "globalAccountGUID": "011b4e7a-43b5-4f63-819a-9b1e46ab23b6",
    "modifiedAt": "2024-08-08T04:10:14.602Z",
    "providerSubaccountId": "7b20408e-3fe0-4ade-aa2e-ad97baac72e8",
    "subscribedCostObjectId": "101741293",
    "subscribedCrmId": "",
    "subscribedLicenseType": "SAPDEV",
    "subscribedSubaccountId": "ae2dc112-9745-4f5e-8feb-79ebdc0094bd",
    "subscribedSubdomain": "skyfin-sap-start",
    "subscribedTenantId": "ae2dc112-9745-4f5e-8feb-79ebdc0094bd",
    "subscribedZoneId": "ae2dc112-9745-4f5e-8feb-79ebdc0094bd",
    "subscriptionAppAmount": 10,
    "subscriptionAppId": "afc-dev!t5874",
    "subscriptionAppName": "afc-dev",
    "subscriptionAppPlan": "standard",
    "subscriptionCommercialAppName": "afc-dev",
    "subscriptionGUID": "204919bb-585f-471e-97d7-5f249d182a94",
    "userId": "APPLICATION_OWNER",
  },
  {
    "createdAt": "2024-06-26T10:31:05.748Z",
    "eventType": "UPDATE",
    "globalAccountGUID": "011b4e7a-43b5-4f63-819a-9b1e46ab23b6",
    "modifiedAt": "2024-08-09T04:17:02.224Z",
    "providerSubaccountId": "7b20408e-3fe0-4ade-aa2e-ad97baac72e8",
    "subscribedCostObjectId": "101741293",
    "subscribedCrmId": "",
    "subscribedLicenseType": "SAPDEV",
    "subscribedSubaccountId": "6917dfd6-7590-4033-af2a-140b75263b0d",
    "subscribedSubdomain": "skyfin-debug-company",
    "subscribedTenantId": "6917dfd6-7590-4033-af2a-140b75263b0d",
    "subscribedZoneId": "6917dfd6-7590-4033-af2a-140b75263b0d",
    "subscriptionAppAmount": 10,
    "subscriptionAppId": "afc-dev!t5874",
    "subscriptionAppName": "afc-dev",
    "subscriptionAppPlan": "standard",
    "subscriptionCommercialAppName": "afc-dev",
    "subscriptionGUID": "84daed86-d52b-4649-8dd8-4378e673ee94",
    "userId": "APPLICATION_OWNER",
  },
  {
    "createdAt": "2024-03-19T16:57:50.505Z",
    "eventType": "UPDATE",
    "globalAccountGUID": "a6786cbf-f7e7-4103-9386-b91d1c07e3ea",
    "modifiedAt": "2024-08-09T06:53:28.661Z",
    "providerSubaccountId": "7b20408e-3fe0-4ade-aa2e-ad97baac72e8",
    "subscribedCrmId": "12553508",
    "subscribedLicenseType": "SAPDEV",
    "subscribedSubaccountId": "cf528063-6a43-4bf2-8ccc-ca4e6d75d88e",
    "subscribedSubdomain": "jyd-dev-apps-eu10",
    "subscribedTenantId": "cf528063-6a43-4bf2-8ccc-ca4e6d75d88e",
    "subscribedZoneId": "cf528063-6a43-4bf2-8ccc-ca4e6d75d88e",
    "subscriptionAppAmount": 1,
    "subscriptionAppId": "afc-dev!t5874",
    "subscriptionAppName": "afc-dev",
    "subscriptionAppPlan": "standard",
    "subscriptionCommercialAppName": "afc-dev",
    "subscriptionGUID": "b9659eb7-cf54-4cb4-bab2-6262b48b1a60",
    "userId": "APPLICATION_OWNER",
  },
  {
    "createdAt": "2024-01-05T07:56:20.923Z",
    "eventType": "UPDATE",
    "globalAccountGUID": "096cea2e-77ef-498f-a588-114b33817f5d",
    "modifiedAt": "2024-08-09T10:14:57.327Z",
    "providerSubaccountId": "7b20408e-3fe0-4ade-aa2e-ad97baac72e8",
    "subscribedCostObjectId": "101013787",
    "subscribedLicenseType": "SAPDEV",
    "subscribedSubaccountId": "0b0eda38-2795-445a-a1f7-025e336263c0",
    "subscribedSubdomain": "nga-dev-eu10-uofvpsx0",
    "subscribedTenantId": "288393a7-972c-4fa8-acfd-12299c4db374",
    "subscribedZoneId": "288393a7-972c-4fa8-acfd-12299c4db374",
    "subscriptionAppAmount": 1,
    "subscriptionAppId": "afc-dev!t5874",
    "subscriptionAppName": "afc-dev",
    "subscriptionAppPlan": "standard",
    "subscriptionCommercialAppName": "afc-dev",
    "subscriptionGUID": "efd308d6-db5a-41fd-8f35-6211d40746a1",
    "userId": "APPLICATION_OWNER",
  },
  {
    "createdAt": null,
    "eventType": "UPDATE",
    "globalAccountGUID": "011b4e7a-43b5-4f63-819a-9b1e46ab23b6",
    "modifiedAt": "2024-08-09T12:27:04.007Z",
    "providerSubaccountId": "7b20408e-3fe0-4ade-aa2e-ad97baac72e8",
    "subscribedCostObjectId": "101741293",
    "subscribedCrmId": "",
    "subscribedLicenseType": "SAPDEV",
    "subscribedSubaccountId": "b07cc881-e90b-4c18-82c4-94aad87c2bb9",
    "subscribedSubdomain": "skysand",
    "subscribedTenantId": "cb9158ce-f8fd-441b-b443-17219e8f79fa",
    "subscribedZoneId": "cb9158ce-f8fd-441b-b443-17219e8f79fa",
    "subscriptionAppId": "afc-dev!t5874",
    "subscriptionAppName": "afc-dev",
    "subscriptionCommercialAppName": "afc-dev",
    "subscriptionGUID": "76fcb047-85cc-baa4-9705-aa22aebf47f7",
    "userId": "APPLICATION_OWNER",
  },
  {
    "createdAt": null,
    "eventType": "UPDATE",
    "globalAccountGUID": "011b4e7a-43b5-4f63-819a-9b1e46ab23b6",
    "modifiedAt": "2024-08-09T22:11:20.072Z",
    "providerSubaccountId": "7b20408e-3fe0-4ade-aa2e-ad97baac72e8",
    "subscribedCostObjectId": "101741293",
    "subscribedCrmId": "",
    "subscribedLicenseType": "SAPDEV",
    "subscribedSubaccountId": "5ecc7413-2b7e-414a-9496-ad4a61f6cccf",
    "subscribedSubdomain": "skyfin-company",
    "subscribedTenantId": "5ecc7413-2b7e-414a-9496-ad4a61f6cccf",
    "subscribedZoneId": "5ecc7413-2b7e-414a-9496-ad4a61f6cccf",
    "subscriptionAppAmount": 1,
    "subscriptionAppId": "afc-dev!t5874",
    "subscriptionAppName": "afc-dev",
    "subscriptionAppPlan": "standard",
    "subscriptionCommercialAppName": "afc-dev",
    "subscriptionGUID": "8999d1fa-3a3e-bbf5-c21d-2db950822b8a",
    "userId": "APPLICATION_OWNER",
  },
  {
    "createdAt": null,
    "eventType": "UPDATE",
    "globalAccountGUID": "1fb05c0d-22c0-43d8-9ca7-c9ef0c28f67f",
    "modifiedAt": "2024-08-09T22:18:18.019Z",
    "providerSubaccountId": "7b20408e-3fe0-4ade-aa2e-ad97baac72e8",
    "subscribedCrmId": "12553508",
    "subscribedLicenseType": "CUSTOMER",
    "subscribedSubaccountId": "4c0909b1-a84e-4763-a26e-532fdb9e40fa",
    "subscribedSubdomain": "hw6-apps-eu10",
    "subscribedTenantId": "4c0909b1-a84e-4763-a26e-532fdb9e40fa",
    "subscribedZoneId": "4c0909b1-a84e-4763-a26e-532fdb9e40fa",
    "subscriptionAppAmount": 2,
    "subscriptionAppId": "afc-dev!t5874",
    "subscriptionAppName": "afc-dev",
    "subscriptionAppPlan": "standard",
    "subscriptionCommercialAppName": "afc-dev",
    "subscriptionGUID": "b6db4043-7b32-4bc5-89cc-b605ac033edd",
    "userId": "APPLICATION_OWNER",
  },
  {
    "createdAt": "2024-07-09T08:43:19.015Z",
    "eventType": "UPDATE",
    "globalAccountGUID": "011b4e7a-43b5-4f63-819a-9b1e46ab23b6",
    "modifiedAt": "2024-08-10T01:56:42.406Z",
    "providerSubaccountId": "7b20408e-3fe0-4ade-aa2e-ad97baac72e8",
    "subscribedCostObjectId": "101741293",
    "subscribedCrmId": "",
    "subscribedLicenseType": "SAPDEV",
    "subscribedSubaccountId": "dde70ec5-983d-4848-b50c-fb2cdac7d359",
    "subscribedSubdomain": "skyfin-test-3",
    "subscribedTenantId": "dde70ec5-983d-4848-b50c-fb2cdac7d359",
    "subscribedZoneId": "dde70ec5-983d-4848-b50c-fb2cdac7d359",
    "subscriptionAppAmount": 10,
    "subscriptionAppId": "afc-dev!t5874",
    "subscriptionAppName": "afc-dev",
    "subscriptionAppPlan": "standard",
    "subscriptionCommercialAppName": "afc-dev",
    "subscriptionGUID": "f1413a16-e900-4fb0-a269-573e1dfed7b8",
    "userId": "APPLICATION_OWNER",
  },
  {
    "additionalInformation": {
      "tenantMetadataUrl": "https://skyfin-workzone.authentication.sap.hana.ondemand.com/saml/metadata",
    },
    "createdAt": "2024-09-11T07:37:19.676Z",
    "eventType": "CREATE",
    "globalAccountGUID": "011b4e7a-43b5-4f63-819a-9b1e46ab23b6",
    "modifiedAt": "2024-09-11T07:37:19.676Z",
    "providerSubaccountId": "7b20408e-3fe0-4ade-aa2e-ad97baac72e8",
    "subscribedCostObjectId": "101741293",
    "subscribedLicenseType": "SAPDEV",
    "subscribedSubaccountId": "663d2938-be50-44ab-92ca-538855eb594f",
    "subscribedSubdomain": "skyfin-workzone",
    "subscribedTenantId": "663d2938-be50-44ab-92ca-538855eb594f",
    "subscribedZoneId": "663d2938-be50-44ab-92ca-538855eb594f",
    "subscriptionAppAmount": 10,
    "subscriptionAppId": "afc-dev!t5874",
    "subscriptionAppName": "afc-dev",
    "subscriptionAppPlan": "standard",
    "subscriptionCommercialAppName": "afc-dev",
    "subscriptionGUID": "1da4a3ef-da21-4087-a9ca-7283c67f4e21",
    "userId": "oliver.klemenz@sap.com",
    "userInfo": {
      "email": "oliver.klemenz@sap.com",
      "sub": "b58a7f93-c7a1-4686-b233-7be376da04d3",
      "subIdp": "D045365",
      "userGuid": "b58a7f93-c7a1-4686-b233-7be376da04d3",
      "userId": "oliver.klemenz@sap.com",
      "userName": "oliver.klemenz@sap.com",
    },
  },
  {
    "additionalInformation": {
      "tenantMetadataUrl": "https://skyfin-booster.authentication.sap.hana.ondemand.com/saml/metadata",
    },
    "createdAt": "2024-11-27T06:54:40.207Z",
    "eventType": "CREATE",
    "globalAccountGUID": "011b4e7a-43b5-4f63-819a-9b1e46ab23b6",
    "modifiedAt": "2024-11-27T06:54:40.207Z",
    "providerSubaccountId": "7b20408e-3fe0-4ade-aa2e-ad97baac72e8",
    "subscribedCostObjectId": "101741293",
    "subscribedLicenseType": "SAPDEV",
    "subscribedSubaccountId": "9c418100-6318-4e8a-b4b2-1114f4f44aef",
    "subscribedSubdomain": "skyfin-booster",
    "subscribedTenantId": "9c418100-6318-4e8a-b4b2-1114f4f44aef",
    "subscribedZoneId": "9c418100-6318-4e8a-b4b2-1114f4f44aef",
    "subscriptionAppAmount": 10,
    "subscriptionAppId": "afc-dev!t5874",
    "subscriptionAppName": "afc-dev",
    "subscriptionAppPlan": "standard",
    "subscriptionCommercialAppName": "afc-dev",
    "subscriptionGUID": "97e5ac7a-f91a-4bbf-a29d-443138d65313",
    "userId": "oliver.klemenz@sap.com",
    "userInfo": {
      "email": "oliver.klemenz@sap.com",
      "sub": "c73507ca-b6c5-48eb-9ec3-2857f5ee92cb",
      "subIdp": "D045365",
      "userGuid": "c73507ca-b6c5-48eb-9ec3-2857f5ee92cb",
      "userId": "oliver.klemenz@sap.com",
      "userName": "oliver.klemenz@sap.com",
    },
  },
]
`;

exports[`cds nock tests cds long list cds long list filtered basic/json 1`] = `
[
  {
    "createdAt": null,
    "eventType": "UPDATE",
    "globalAccountGUID": "011b4e7a-43b5-4f63-819a-9b1e46ab23b6",
    "modifiedAt": "2024-08-09T22:11:20.072Z",
    "providerSubaccountId": "7b20408e-3fe0-4ade-aa2e-ad97baac72e8",
    "subscribedCostObjectId": "101741293",
    "subscribedCrmId": "",
    "subscribedLicenseType": "SAPDEV",
    "subscribedSubaccountId": "5ecc7413-2b7e-414a-9496-ad4a61f6cccf",
    "subscribedSubdomain": "skyfin-company",
    "subscribedTenantId": "5ecc7413-2b7e-414a-9496-ad4a61f6cccf",
    "subscribedZoneId": "5ecc7413-2b7e-414a-9496-ad4a61f6cccf",
    "subscriptionAppAmount": 1,
    "subscriptionAppId": "afc-dev!t5874",
    "subscriptionAppName": "afc-dev",
    "subscriptionAppPlan": "standard",
    "subscriptionCommercialAppName": "afc-dev",
    "subscriptionGUID": "8999d1fa-3a3e-bbf5-c21d-2db950822b8a",
    "userId": "APPLICATION_OWNER",
  },
]
`;
